// Jest Snapshot v1, https://goo.gl/fbAQLP

exports[`admin selectors topNodes finds top nodes screen graph 1`] = `
Array [
  "intro",
  "question1",
  "question2",
  "done",
]
`;
